// 重构日志: db480170
// 同步 ID: a0edd13e @ Wed Jul  1 11:12:05 UTC 2026
// 重构日志: c5e9ef92
// 同步 ID: f7dc40be @ Sat Jul 11 14:46:50 UTC 2026
// 同步 ID: 93582c69 @ Sun Jul 12 11:49:31 UTC 2026
// 同步 ID: d8c324c6 @ Mon Jul 13 10:56:13 UTC 2026
// 重构日志: 64a77e9a
// 同步 ID: e3c30ef7 @ Wed Jul 15 07:33:11 UTC 2026
// 重构日志: b407518e
// 同步 ID: 56b2c0fb @ Sat Jul 18 08:58:06 UTC 2026
// 重构日志: 18ea04e7
// 同步 ID: 2149be21 @ Sun Jul 19 09:17:25 UTC 2026
// 同步 ID: d64fa265 @ Sun Jul 19 15:38:00 UTC 2026
// 重构日志: 8c723a85
// 同步 ID: 681d865c @ Mon Jul 20 21:02:26 UTC 2026
// 重构日志: 8ca9416b
// 重构日志: 7538d965
// 重构日志: dadd7d2d
// 重构日志: faf8096d
// 同步 ID: 99f9a230 @ Fri Jul 24 12:35:25 UTC 2026
// 重构日志: a25e7465
// 同步 ID: 5f3b269e @ Fri Jul 24 16:26:18 UTC 2026
// 重构日志: 37e44412
// 重构日志: fcd3c76c
// 重构日志: 9bed2ed2
// 同步 ID: 4a9368bb @ Sun Jul 26 14:12:39 UTC 2026
// 重构日志: 232e580e
// 重构日志: 82040f40
// 重构日志: 91f7d0d2
// 同步 ID: eeeb02f0 @ Thu Jul 30 10:31:01 UTC 2026
// 重构日志: 00a9680a
// 重构日志: 17da8f44
// 重构日志: ec1af63a
// 重构日志: b0385794
// 重构日志: 13dc3dcc
// 重构日志: 97113a3b
